<?xml version="1.0" encoding="UTF-8"?>
<testsuites>
    <testsuite name="login-on-the-web;user-failed-to-login-on-the-website" tests="5" failures="0" skipped="0">
        <properties>
            <property name="URI" value="D:\SQA\project-indihome\features\login_invalid.feature">
            </property>
        </properties>
        <testcase name="Given user browse dashboard page 1" classname="login-on-the-web;user-failed-to-login-on-the-website" time="0.0018255">
        </testcase>
        <testcase name="And user click button masuk 1" classname="login-on-the-web;user-failed-to-login-on-the-website" time="0.0005603">
        </testcase>
        <testcase name="And user fill email or phone number field 1" classname="login-on-the-web;user-failed-to-login-on-the-website" time="0.0005138">
        </testcase>
        <testcase name="When user click login 1" classname="login-on-the-web;user-failed-to-login-on-the-website" time="0.0006443">
        </testcase>
        <testcase name="Then user can see notification that account is not registered" classname="login-on-the-web;user-failed-to-login-on-the-website" time="0.0006834">
        </testcase>
    </testsuite>
</testsuites>